nohup: les entr├йes sont ignor├йes
stty: 'entr├йe standard': Ioctl() inappropri├й pour un p├йriph├йrique
==> Preparing data..
Files already downloaded and verified
Files already downloaded and verified

Epoch: 0
                                                                                                                                                                                                                                                                                                                                                                                                                                                                                                                                                                                                                                                                                                                                                                                                                                                     
Epoch: 34
Saving.. best_acc : 81.82

Epoch: 35

Epoch: 36

Epoch: 37
Saving.. best_acc : 81.83

Epoch: 38
Saving.. best_acc : 82.22

Epoch: 39

Epoch: 40

Epoch: 41
Saving.. best_acc : 82.62

Epoch: 42
Saving.. best_acc : 83.15

Epoch: 43

Epoch: 44

Epoch: 45
Saving.. best_acc : 83.35

Epoch: 46
Saving.. best_acc : 84.4

Epoch: 47

Epoch: 48

Epoch: 49
Saving.. best_acc : 85.06

Epoch: 50
Saving.. best_acc : 85.18

Epoch: 51

Epoch: 52

Epoch: 53

Epoch: 54
Saving.. best_acc : 85.73

Epoch: 55

Epoch: 56

Epoch: 57

Epoch: 58

Epoch: 59

Epoch: 60

Epoch: 61

Epoch: 62

Epoch: 63

Epoch: 64

Epoch: 65

Epoch: 66

Epoch: 67
Saving.. best_acc : 86.15

Epoch: 68

Epoch: 69

Epoch: 70

Epoch: 71
Saving.. best_acc : 86.76

Epoch: 72

Epoch: 73

Epoch: 74

Epoch: 75

Epoch: 76
Saving.. best_acc : 86.77

Epoch: 77

Epoch: 78

Epoch: 79

Epoch: 80
Saving.. best_acc : 86.9

Epoch: 81

Epoch: 82
Saving.. best_acc : 87.2

Epoch: 83
Saving.. best_acc : 87.28

Epoch: 84

Epoch: 85

Epoch: 86

Epoch: 87
Saving.. best_acc : 87.79

Epoch: 88

Epoch: 89

Epoch: 90

Epoch: 91
Saving.. best_acc : 87.82

Epoch: 92

Epoch: 93
Saving.. best_acc : 88.11

Epoch: 94

Epoch: 95
Saving.. best_acc : 88.35

Epoch: 96

Epoch: 97

Epoch: 98

Epoch: 99

Epoch: 100
Saving.. best_acc : 88.81

Epoch: 101

Epoch: 102

Epoch: 103

Epoch: 104

Epoch: 105

Epoch: 106
Saving.. best_acc : 89.07

Epoch: 107
Saving.. best_acc : 89.09

Epoch: 108

Epoch: 109
Saving.. best_acc : 89.25

Epoch: 110

Epoch: 111

Epoch: 112

Epoch: 113
Saving.. best_acc : 89.3

Epoch: 114
Saving.. best_acc : 89.56

Epoch: 115

Epoch: 116

Epoch: 117

Epoch: 118
Saving.. best_acc : 89.77

Epoch: 119
Saving.. best_acc : 90.07

Epoch: 120

Epoch: 121

Epoch: 122

Epoch: 123

Epoch: 124
Saving.. best_acc : 90.1

Epoch: 125

Epoch: 126

Epoch: 127

Epoch: 128

Epoch: 129

Epoch: 130

Epoch: 131

Epoch: 132
Saving.. best_acc : 90.34

Epoch: 133
Saving.. best_acc : 90.64

Epoch: 134
Saving.. best_acc : 90.75

Epoch: 135

Epoch: 136

Epoch: 137

Epoch: 138

Epoch: 139

Epoch: 140
Saving.. best_acc : 90.97

Epoch: 141

Epoch: 142

Epoch: 143

Epoch: 144

Epoch: 145

Epoch: 146

Epoch: 147
Saving.. best_acc : 91.06
==> Preparing data..
Files already downloaded and verified
Files already downloaded and verified

Epoch: 0
Saving.. best_acc : 37.81

Epoch: 1
Saving.. best_acc : 51.58

Epoch: 2
Saving.. best_acc : 51.92

Epoch: 3
Saving.. best_acc : 58.66

Epoch: 4
Saving.. best_acc : 62.52

Epoch: 5
Saving.. best_acc : 65.13

Epoch: 6

Epoch: 7
Saving.. best_acc : 66.38

Epoch: 8
Saving.. best_acc : 67.3

Epoch: 9
Saving.. best_acc : 70.82

Epoch: 10
Saving.. best_acc : 71.2

Epoch: 11
Saving.. best_acc : 71.38

Epoch: 12
Saving.. best_acc : 72.43

Epoch: 13
Saving.. best_acc : 73.79

Epoch: 14
Saving.. best_acc : 74.84

Epoch: 15
Saving.. best_acc : 75.49

Epoch: 16

Epoch: 17

Epoch: 18

Epoch: 19

Epoch: 20
Saving.. best_acc : 75.85

Epoch: 21
Saving.. best_acc : 76.45

Epoch: 22
Saving.. best_acc : 77.17

Epoch: 23

Epoch: 24
Saving.. best_acc : 78.12

Epoch: 25
Saving.. best_acc : 78.55

Epoch: 26

Epoch: 27
Saving.. best_acc : 78.81

Epoch: 28
Saving.. best_acc : 79.39

Epoch: 29

Epoch: 30

Epoch: 31

Epoch: 32

Epoch: 33

Epoch: 34
Saving.. best_acc : 79.67

Epoch: 35
Saving.. best_acc : 80.95

Epoch: 36

Epoch: 37
Saving.. best_acc : 80.96

Epoch: 38
Saving.. best_acc : 81.4

Epoch: 39
Saving.. best_acc : 81.42

Epoch: 40
Saving.. best_acc : 82.31

Epoch: 41

Epoch: 42

Epoch: 43

Epoch: 44

Epoch: 45
Saving.. best_acc : 82.67

Epoch: 46

Epoch: 47
Saving.. best_acc : 83.47

Epoch: 48

Epoch: 49

Epoch: 50
Saving.. best_acc : 83.72

Epoch: 51

Epoch: 52

Epoch: 53

Epoch: 54

Epoch: 55

Epoch: 56
Saving.. best_acc : 83.95

Epoch: 57

Epoch: 58

Epoch: 59

Epoch: 60

Epoch: 61

Epoch: 62

Epoch: 63
Saving.. best_acc : 84.93

Epoch: 64

Epoch: 65
Saving.. best_acc : 85.34

Epoch: 66

Epoch: 67

Epoch: 68

Epoch: 69

Epoch: 70

Epoch: 71

Epoch: 72

Epoch: 73

Epoch: 74

Epoch: 75

Epoch: 76

Epoch: 77

Epoch: 78

Epoch: 79

Epoch: 80

Epoch: 81
Saving.. best_acc : 85.5

Epoch: 82

Epoch: 83
Saving.. best_acc : 85.73

Epoch: 84

Epoch: 85

Epoch: 86
Saving.. best_acc : 86.12

Epoch: 87

Epoch: 88

Epoch: 89

Epoch: 90
Saving.. best_acc : 86.36

Epoch: 91

Epoch: 92

Epoch: 93

Epoch: 94

Epoch: 95

Epoch: 96

Epoch: 97

Epoch: 98
Saving.. best_acc : 86.41

Epoch: 99
Saving.. best_acc : 86.47

Epoch: 100

Epoch: 101
Saving.. best_acc : 86.73

Epoch: 102
Saving.. best_acc : 86.87

Epoch: 103

Epoch: 104
Saving.. best_acc : 87.51

Epoch: 105

Epoch: 106

Epoch: 107
Saving.. best_acc : 87.66

Epoch: 108

Epoch: 109

Epoch: 110

Epoch: 111

Epoch: 112

Epoch: 113

Epoch: 114

Epoch: 115

Epoch: 116

Epoch: 117
Saving.. best_acc : 87.73

Epoch: 118
Saving.. best_acc : 88.32

Epoch: 119

Epoch: 120

Epoch: 121

Epoch: 122
Saving.. best_acc : 88.37

Epoch: 123
Saving.. best_acc : 88.54

Epoch: 124

Epoch: 125

Epoch: 126

Epoch: 127

Epoch: 128

Epoch: 129

Epoch: 130
Saving.. best_acc : 88.88

Epoch: 131

Epoch: 132

Epoch: 133

Epoch: 134
Saving.. best_acc : 89.03

Epoch: 135

Epoch: 136

Epoch: 137

Epoch: 138

Epoch: 139

Epoch: 140

Epoch: 141
Saving.. best_acc : 89.12

Epoch: 142

Epoch: 143

Epoch: 144
Saving.. best_acc : 89.4

Epoch: 145

Epoch: 146

Epoch: 147

Epoch: 148
Saving.. best_acc : 89.6

Epoch: 149

Epoch: 150

Epoch: 151

Epoch: 152

Epoch: 153

Epoch: 154

Epoch: 155

Epoch: 156

Epoch: 157

Epoch: 158
Saving.. best_acc : 89.65

Epoch: 159

Epoch: 160

Epoch: 161

Epoch: 162
Saving.. best_acc : 89.78

Epoch: 163

Epoch: 164
Saving.. best_acc : 90.09

Epoch: 165

Epoch: 166

Epoch: 167
Saving.. best_acc : 90.16

Epoch: 168

Epoch: 169

Epoch: 170

Epoch: 171

Epoch: 172
Saving.. best_acc : 90.34

Epoch: 173

Epoch: 174

Epoch: 175

Epoch: 176

Epoch: 177

Epoch: 178
Saving.. best_acc : 90.36

Epoch: 179

Epoch: 180
Saving.. best_acc : 90.56

Epoch: 181

Epoch: 182

Epoch: 183

Epoch: 184

Epoch: 185

Epoch: 186

Epoch: 187

Epoch: 188

Epoch: 189

Epoch: 190
Saving.. best_acc : 90.59

Epoch: 191

Epoch: 192
Saving.. best_acc : 90.63

Epoch: 193

Epoch: 194

Epoch: 195

Epoch: 196

Epoch: 197

Epoch: 198

Epoch: 199
==> Preparing data..
Files already downloaded and verified
Files already downloaded and verified

Epoch: 0
Saving.. best_acc : 34.8

Epoch: 1
Saving.. best_acc : 50.16

Epoch: 2
Saving.. best_acc : 52.4

Epoch: 3
Saving.. best_acc : 54.8

Epoch: 4
Saving.. best_acc : 59.24

Epoch: 5
Saving.. best_acc : 61.1

Epoch: 6
Saving.. best_acc : 64.1

Epoch: 7

Epoch: 8
Saving.. best_acc : 66.12

Epoch: 9
Saving.. best_acc : 66.5

Epoch: 10
Saving.. best_acc : 67.39

Epoch: 11
Saving.. best_acc : 68.88

Epoch: 12

Epoch: 13
Saving.. best_acc : 70.63

Epoch: 14

Epoch: 15
Saving.. best_acc : 72.37

Epoch: 16

Epoch: 17
Saving.. best_acc : 73.08

Epoch: 18
Saving.. best_acc : 74.38

Epoch: 19
Saving.. best_acc : 76.14

Epoch: 20

Epoch: 21

Epoch: 22
Saving.. best_acc : 76.55

Epoch: 23

Epoch: 24

Epoch: 25
Saving.. best_acc : 78.71

Epoch: 26

Epoch: 27

Epoch: 28

Epoch: 29

Epoch: 30

Epoch: 31

Epoch: 32

Epoch: 33
Saving.. best_acc : 79.06

Epoch: 34

Epoch: 35
Saving.. best_acc : 80.26

Epoch: 36
Saving.. best_acc : 80.32

Epoch: 37

Epoch: 38

Epoch: 39
Saving.. best_acc : 80.33

Epoch: 40
Saving.. best_acc : 80.8

Epoch: 41

Epoch: 42
Saving.. best_acc : 80.94

Epoch: 43

Epoch: 44
Saving.. best_acc : 81.87

Epoch: 45

Epoch: 46

Epoch: 47
Saving.. best_acc : 82.65

Epoch: 48

Epoch: 49

Epoch: 50

Epoch: 51

Epoch: 52

Epoch: 53
Saving.. best_acc : 83.24

Epoch: 54

Epoch: 55
Saving.. best_acc : 83.33

Epoch: 56

Epoch: 57

Epoch: 58

Epoch: 59

Epoch: 60

Epoch: 61

Epoch: 62

Epoch: 63

Epoch: 64

Epoch: 65
Saving.. best_acc : 84.49

Epoch: 66

Epoch: 67

Epoch: 68
Saving.. best_acc : 84.53

Epoch: 69

Epoch: 70

Epoch: 71

Epoch: 72
Saving.. best_acc : 84.79

Epoch: 73

Epoch: 74

Epoch: 75

Epoch: 76
Saving.. best_acc : 85.27

Epoch: 77

Epoch: 78

Epoch: 79

Epoch: 80

Epoch: 81

Epoch: 82

Epoch: 83

Epoch: 84

Epoch: 85

Epoch: 86

Epoch: 87

Epoch: 88
Saving.. best_acc : 85.53

Epoch: 89
Saving.. best_acc : 85.67

Epoch: 90
Saving.. best_acc : 85.9

Epoch: 91

Epoch: 92

Epoch: 93

Epoch: 94

Epoch: 95

Epoch: 96

Epoch: 97

Epoch: 98
Saving.. best_acc : 86.49

Epoch: 99

Epoch: 100

Epoch: 101

Epoch: 102

Epoch: 103
Saving.. best_acc : 86.73

Epoch: 104

Epoch: 105
Saving.. best_acc : 87.16

Epoch: 106

Epoch: 107

Epoch: 108

Epoch: 109

Epoch: 110

Epoch: 111
Saving.. best_acc : 87.31

Epoch: 112

Epoch: 113

Epoch: 114

Epoch: 115

Epoch: 116
Saving.. best_acc : 87.47

Epoch: 117
Saving.. best_acc : 88.1

Epoch: 118

Epoch: 119

Epoch: 120

Epoch: 121

Epoch: 122

Epoch: 123
Saving.. best_acc : 88.17

Epoch: 124

Epoch: 125

Epoch: 126

Epoch: 127

Epoch: 128
Saving.. best_acc : 88.61

Epoch: 129
Saving.. best_acc : 88.62

Epoch: 130
Saving.. best_acc : 88.8

Epoch: 131

Epoch: 132

Epoch: 133
Saving.. best_acc : 89.19

Epoch: 134

Epoch: 135

Epoch: 136

Epoch: 137

Epoch: 138

Epoch: 139

Epoch: 140

Epoch: 141

Epoch: 142

Epoch: 143

Epoch: 144

Epoch: 145

Epoch: 146

Epoch: 147

Epoch: 148

Epoch: 149

Epoch: 150
Saving.. best_acc : 89.2

Epoch: 151

Epoch: 152

Epoch: 153
Saving.. best_acc : 89.46

Epoch: 154
Saving.. best_acc : 89.56

Epoch: 155

Epoch: 156

Epoch: 157
Saving.. best_acc : 89.81

Epoch: 158

Epoch: 159
Saving.. best_acc : 89.82

Epoch: 160

Epoch: 161

Epoch: 162

Epoch: 163

Epoch: 164
Saving.. best_acc : 89.87

Epoch: 165
Saving.. best_acc : 89.96

Epoch: 166
Saving.. best_acc : 90.16

Epoch: 167
Saving.. best_acc : 90.22

Epoch: 168

Epoch: 169

Epoch: 170

Epoch: 171

Epoch: 172

Epoch: 173

Epoch: 174

Epoch: 175

Epoch: 176

Epoch: 177

Epoch: 178

Epoch: 179

Epoch: 180
Saving.. best_acc : 90.34

Epoch: 181

Epoch: 182

Epoch: 183
Saving.. best_acc : 90.37

Epoch: 184

Epoch: 185
Saving.. best_acc : 90.58

Epoch: 186

Epoch: 187

Epoch: 188

Epoch: 189

Epoch: 190

Epoch: 191
Saving.. best_acc : 90.6

Epoch: 192
Saving.. best_acc : 90.64

Epoch: 193

Epoch: 194

Epoch: 195

Epoch: 196

Epoch: 197

Epoch: 198

Epoch: 199
